#./src/main/resources/Entities.map
#Tue Dec 19 17:48:35 CET 2017
trashBoxExplorer4=2095
trashBoxExplorer3=2089
trashBoxExplorer2=2083
message2=2203
trashBoxExplorer1=2077
story2=2226
message1=2202
story1=2225
trashBoxAdministrator2=2107
trashBoxAdministrator1=2101
riverWater=2175
sponsorship2=2224
sponsorship1=2223
inBoxAdministrator2=2104
notificationBoxSponsor2=2118
inBoxAdministrator1=2098
notificationBoxSponsor1=2112
manager4=2207
lake=2182
manager3=2206
personalRecord2=2167
manager2=2205
personalRecord1=2161
manager1=2204
outBoxManager4=2141
outBoxManager3=2135
outBoxManager2=2129
outBoxManager1=2123
outBoxAdministrator2=2105
outBoxAdministrator1=2099
customBoxAuditor2=2157
customBoxAuditor1=2151
inBoxAuditor2=2152
inBoxAuditor1=2146
outBoxExplorer4=2093
outBoxExplorer3=2087
spamBoxAdministrator2=2108
outBoxExplorer2=2081
spamBoxAdministrator1=2102
outBoxExplorer1=2075
stage3=2187
notificationBoxRanger2=2070
stage2=2186
stage1=2185
notificationBoxRanger1=2064
mountainClimbing=2176
spamBoxAuditor2=2156
spamBoxAuditor1=2150
category=2172
survival2=2211
survival1=2210
customBoxManager4=2145
customBoxManager3=2139
customBoxManager2=2133
customBoxAdministrator2=2109
customBoxManager1=2127
customBoxAdministrator1=2103
climbing=2179
riverClimbing=2180
tag2=2220
tag1=2219
endorserRecord2=2171
endorserRecord1=2163
trashBoxSponsor2=2119
trashBoxSponsor1=2113
application4=2215
application3=2214
application2=2213
application1=2212
mountainGround=2177
savana=2181
userAccount16=2061
userAccount15=2060
userAccount14=2059
trip2=2222
userAccount13=2058
trip1=2221
userAccount12=2057
userAccount11=2056
spamBoxManager4=2144
userAccount10=2055
spamBoxManager3=2138
spamBoxManager2=2132
spamBoxManager1=2126
socialId2=2217
socialId1=2216
inBoxManager4=2140
inBoxManager3=2134
inBoxManager2=2128
inBoxManager1=2122
notificationBoxAuditor2=2154
notificationBoxAuditor1=2148
customBoxRanger2=2073
customBoxRanger1=2067
educationRecord2=2168
educationRecord1=2162
safari=2174
trashBoxAuditor2=2155
trashBoxAuditor1=2149
notificationBoxExplorer4=2094
notificationBoxManager4=2142
notificationBoxExplorer3=2088
notificationBoxManager3=2136
notificationBoxExplorer2=2082
notificationBoxManager2=2130
notificationBoxExplorer1=2076
notificationBoxManager1=2124
value2=2189
value1=2188
inBoxRanger2=2068
inBoxRanger1=2062
note2=2230
note1=2229
sponsor2=2193
sponsor1=2192
professionalRecord2=2170
audit2=2228
professionalRecord1=2165
audit1=2227
outBoxSponsor2=2117
outBoxSponsor1=2111
outBoxRanger2=2069
outBoxRanger1=2063
ground=2178
trashBoxManager4=2143
trashBoxManager3=2137
trashBoxManager2=2131
trashBoxManager1=2125
trashBoxRanger2=2071
trashBoxRanger1=2065
curriculum2=2166
curriculum1=2160
legalText2=2184
configuration=2218
legalText1=2183
inBoxExplorer4=2092
inBoxExplorer3=2086
inBoxExplorer2=2080
customBoxExplorer4=2097
inBoxExplorer1=2074
customBoxExplorer3=2091
customBoxExplorer2=2085
customBoxSponsor2=2121
customBoxExplorer1=2079
customBoxSponsor1=2115
userAccount9=2054
inBoxSponsor2=2116
userAccount8=2053
inBoxSponsor1=2110
userAccount7=2052
userAccount6=2051
userAccount5=2050
userAccount4=2049
userAccount3=2048
miscellaneousRecord2=2169
userAccount2=2047
miscellaneousRecord1=2164
userAccount1=2046
explorer4=2197
explorer3=2196
explorer2=2195
explorer1=2194
emergency4=2201
emergency3=2200
emergency2=2199
emergency1=2198
spamBoxSponsor2=2120
spamBoxSponsor1=2114
water=2173
administrator2=2191
administrator1=2190
ranger2=2159
ranger1=2158
spamBoxRanger2=2072
notificationBoxAdministrator2=2106
spamBoxRanger1=2066
notificationBoxAdministrator1=2100
auditor2=2209
auditor1=2208
spamBoxExplorer4=2096
spamBoxExplorer3=2090
spamBoxExplorer2=2084
spamBoxExplorer1=2078
outBoxAuditor2=2153
outBoxAuditor1=2147
